Copyright 1986-2022 Xilinx, Inc. All Rights Reserved. Copyright 2022-2023 Advanced Micro Devices, Inc. All Rights Reserved.
---------------------------------------------------------------------------------------------------------------------------------------------------------------------------------------------------------------------------------------
| Tool Version : Vivado v.2023.2 (win64) Build 4029153 Fri Oct 13 20:14:34 MDT 2023
| Date         : Fri May 22 12:52:01 2026
| Host         : SAIKRISHNA running 64-bit major release  (build 9200)
| Command      : report_timing_summary -max_paths 10 -report_unconstrained -file systolic_array_timing_summary_routed.rpt -pb systolic_array_timing_summary_routed.pb -rpx systolic_array_timing_summary_routed.rpx -warn_on_violation
| Design       : systolic_array
| Device       : 7k70t-fbv676
| Speed File   : -1  PRODUCTION 1.12 2017-02-17
| Design State : Routed
---------------------------------------------------------------------------------------------------------------------------------------------------------------------------------------------------------------------------------------

Timing Summary Report

------------------------------------------------------------------------------------------------
| Timer Settings
| --------------
------------------------------------------------------------------------------------------------

  Enable Multi Corner Analysis               :  Yes
  Enable Pessimism Removal                   :  Yes
  Pessimism Removal Resolution               :  Nearest Common Node
  Enable Input Delay Default Clock           :  No
  Enable Preset / Clear Arcs                 :  No
  Disable Flight Delays                      :  No
  Ignore I/O Paths                           :  No
  Timing Early Launch at Borrowing Latches   :  No
  Borrow Time for Max Delay Exceptions       :  Yes
  Merge Timing Exceptions                    :  Yes
  Inter-SLR Compensation                     :  Conservative

  Corner  Analyze    Analyze    
  Name    Max Paths  Min Paths  
  ------  ---------  ---------  
  Slow    Yes        Yes        
  Fast    Yes        Yes        


------------------------------------------------------------------------------------------------
| Report Methodology
| ------------------
------------------------------------------------------------------------------------------------

Rule       Severity          Description                  Violations  
---------  ----------------  ---------------------------  ----------  
TIMING-17  Critical Warning  Non-clocked sequential cell  416         

Note: This report is based on the most recent report_methodology run and may not be up-to-date. Run report_methodology on the current design for the latest report.



check_timing report

Table of Contents
-----------------
1. checking no_clock (416)
2. checking constant_clock (0)
3. checking pulse_width_clock (0)
4. checking unconstrained_internal_endpoints (832)
5. checking no_input_delay (65)
6. checking no_output_delay (128)
7. checking multiple_clock (0)
8. checking generated_clocks (0)
9. checking loops (0)
10. checking partial_input_delay (0)
11. checking partial_output_delay (0)
12. checking latch_loops (0)

1. checking no_clock (416)
--------------------------
 There are 416 register/latch pins with no clock driven by root clock pin: clock (HIGH)


2. checking constant_clock (0)
------------------------------
 There are 0 register/latch pins with constant_clock.


3. checking pulse_width_clock (0)
---------------------------------
 There are 0 register/latch pins which need pulse_width check


4. checking unconstrained_internal_endpoints (832)
--------------------------------------------------
 There are 832 pins that are not constrained for maximum delay. (HIGH)

 There are 0 pins that are not constrained for maximum delay due to constant clock.


5. checking no_input_delay (65)
-------------------------------
 There are 65 input ports with no input delay specified. (HIGH)

 There are 0 input ports with no input delay but user has a false path constraint.


6. checking no_output_delay (128)
---------------------------------
 There are 128 ports with no output delay specified. (HIGH)

 There are 0 ports with no output delay but user has a false path constraint

 There are 0 ports with no output delay but with a timing clock defined on it or propagating through it


7. checking multiple_clock (0)
------------------------------
 There are 0 register/latch pins with multiple clocks.


8. checking generated_clocks (0)
--------------------------------
 There are 0 generated clocks that are not connected to a clock source.


9. checking loops (0)
---------------------
 There are 0 combinational loops in the design.


10. checking partial_input_delay (0)
------------------------------------
 There are 0 input ports with partial input delay specified.


11. checking partial_output_delay (0)
-------------------------------------
 There are 0 ports with partial output delay specified.


12. checking latch_loops (0)
----------------------------
 There are 0 combinational latch loops in the design through latch input



------------------------------------------------------------------------------------------------
| Design Timing Summary
| ---------------------
------------------------------------------------------------------------------------------------

    WNS(ns)      TNS(ns)  TNS Failing Endpoints  TNS Total Endpoints      WHS(ns)      THS(ns)  THS Failing Endpoints  THS Total Endpoints     WPWS(ns)     TPWS(ns)  TPWS Failing Endpoints  TPWS Total Endpoints  
    -------      -------  ---------------------  -------------------      -------      -------  ---------------------  -------------------     --------     --------  ----------------------  --------------------  
        inf        0.000                      0                  960          inf        0.000                      0                  960           NA           NA                      NA                    NA  


There are no user specified timing constraints.


------------------------------------------------------------------------------------------------
| Clock Summary
| -------------
------------------------------------------------------------------------------------------------


------------------------------------------------------------------------------------------------
| Intra Clock Table
| -----------------
------------------------------------------------------------------------------------------------

Clock             WNS(ns)      TNS(ns)  TNS Failing Endpoints  TNS Total Endpoints      WHS(ns)      THS(ns)  THS Failing Endpoints  THS Total Endpoints     WPWS(ns)     TPWS(ns)  TPWS Failing Endpoints  TPWS Total Endpoints  
-----             -------      -------  ---------------------  -------------------      -------      -------  ---------------------  -------------------     --------     --------  ----------------------  --------------------  


------------------------------------------------------------------------------------------------
| Inter Clock Table
| -----------------
------------------------------------------------------------------------------------------------

From Clock    To Clock          WNS(ns)      TNS(ns)  TNS Failing Endpoints  TNS Total Endpoints      WHS(ns)      THS(ns)  THS Failing Endpoints  THS Total Endpoints  
----------    --------          -------      -------  ---------------------  -------------------      -------      -------  ---------------------  -------------------  


------------------------------------------------------------------------------------------------
| Other Path Groups Table
| -----------------------
------------------------------------------------------------------------------------------------

Path Group    From Clock    To Clock          WNS(ns)      TNS(ns)  TNS Failing Endpoints  TNS Total Endpoints      WHS(ns)      THS(ns)  THS Failing Endpoints  THS Total Endpoints  
----------    ----------    --------          -------      -------  ---------------------  -------------------      -------      -------  ---------------------  -------------------  


------------------------------------------------------------------------------------------------
| User Ignored Path Table
| -----------------------
------------------------------------------------------------------------------------------------

Path Group    From Clock    To Clock    
----------    ----------    --------    


------------------------------------------------------------------------------------------------
| Unconstrained Path Table
| ------------------------
------------------------------------------------------------------------------------------------

Path Group    From Clock    To Clock    
----------    ----------    --------    
(none)                                    


------------------------------------------------------------------------------------------------
| Timing Details
| --------------
------------------------------------------------------------------------------------------------


--------------------------------------------------------------------------------------
Path Group:  (none)
From Clock:  
  To Clock:  

Max Delay           960 Endpoints
Min Delay           960 Endpoints
--------------------------------------------------------------------------------------


Max Delay Paths
--------------------------------------------------------------------------------------
Slack:                    inf
  Source:                 rst
                            (input port)
  Destination:            row[2].col[3].pe_inst/cout_reg[0]/R
  Path Group:             (none)
  Path Type:              Max at Slow Process Corner
  Data Path Delay:        10.594ns  (logic 0.868ns (8.197%)  route 9.725ns (91.803%))
  Logic Levels:           1  (IBUF=1)

    Location             Delay type                Incr(ns)  Path(ns)    Netlist Resource(s)
  -------------------------------------------------------------------    -------------------
    L24                                               0.000     0.000 r  rst (IN)
                         net (fo=0)                   0.000     0.000    rst
    L24                  IBUF (Prop_ibuf_I_O)         0.868     0.868 r  rst_IBUF_inst/O
                         net (fo=416, routed)         9.725    10.594    row[2].col[3].pe_inst/SR[0]
    SLICE_X0Y129         FDRE                                         r  row[2].col[3].pe_inst/cout_reg[0]/R
  -------------------------------------------------------------------    -------------------

Slack:                    inf
  Source:                 rst
                            (input port)
  Destination:            row[2].col[3].pe_inst/cout_reg[1]/R
  Path Group:             (none)
  Path Type:              Max at Slow Process Corner
  Data Path Delay:        10.594ns  (logic 0.868ns (8.197%)  route 9.725ns (91.803%))
  Logic Levels:           1  (IBUF=1)

    Location             Delay type                Incr(ns)  Path(ns)    Netlist Resource(s)
  -------------------------------------------------------------------    -------------------
    L24                                               0.000     0.000 r  rst (IN)
                         net (fo=0)                   0.000     0.000    rst
    L24                  IBUF (Prop_ibuf_I_O)         0.868     0.868 r  rst_IBUF_inst/O
                         net (fo=416, routed)         9.725    10.594    row[2].col[3].pe_inst/SR[0]
    SLICE_X0Y129         FDRE                                         r  row[2].col[3].pe_inst/cout_reg[1]/R
  -------------------------------------------------------------------    -------------------

Slack:                    inf
  Source:                 rst
                            (input port)
  Destination:            row[2].col[3].pe_inst/cout_reg[2]/R
  Path Group:             (none)
  Path Type:              Max at Slow Process Corner
  Data Path Delay:        10.594ns  (logic 0.868ns (8.197%)  route 9.725ns (91.803%))
  Logic Levels:           1  (IBUF=1)

    Location             Delay type                Incr(ns)  Path(ns)    Netlist Resource(s)
  -------------------------------------------------------------------    -------------------
    L24                                               0.000     0.000 r  rst (IN)
                         net (fo=0)                   0.000     0.000    rst
    L24                  IBUF (Prop_ibuf_I_O)         0.868     0.868 r  rst_IBUF_inst/O
                         net (fo=416, routed)         9.725    10.594    row[2].col[3].pe_inst/SR[0]
    SLICE_X0Y129         FDRE                                         r  row[2].col[3].pe_inst/cout_reg[2]/R
  -------------------------------------------------------------------    -------------------

Slack:                    inf
  Source:                 rst
                            (input port)
  Destination:            row[2].col[3].pe_inst/cout_reg[3]/R
  Path Group:             (none)
  Path Type:              Max at Slow Process Corner
  Data Path Delay:        10.594ns  (logic 0.868ns (8.197%)  route 9.725ns (91.803%))
  Logic Levels:           1  (IBUF=1)

    Location             Delay type                Incr(ns)  Path(ns)    Netlist Resource(s)
  -------------------------------------------------------------------    -------------------
    L24                                               0.000     0.000 r  rst (IN)
                         net (fo=0)                   0.000     0.000    rst
    L24                  IBUF (Prop_ibuf_I_O)         0.868     0.868 r  rst_IBUF_inst/O
                         net (fo=416, routed)         9.725    10.594    row[2].col[3].pe_inst/SR[0]
    SLICE_X0Y129         FDRE                                         r  row[2].col[3].pe_inst/cout_reg[3]/R
  -------------------------------------------------------------------    -------------------

Slack:                    inf
  Source:                 rst
                            (input port)
  Destination:            row[3].col[0].pe_inst/cout_reg[4]/R
  Path Group:             (none)
  Path Type:              Max at Slow Process Corner
  Data Path Delay:        10.591ns  (logic 0.868ns (8.199%)  route 9.723ns (91.801%))
  Logic Levels:           1  (IBUF=1)

    Location             Delay type                Incr(ns)  Path(ns)    Netlist Resource(s)
  -------------------------------------------------------------------    -------------------
    L24                                               0.000     0.000 r  rst (IN)
                         net (fo=0)                   0.000     0.000    rst
    L24                  IBUF (Prop_ibuf_I_O)         0.868     0.868 r  rst_IBUF_inst/O
                         net (fo=416, routed)         9.723    10.591    row[3].col[0].pe_inst/SR[0]
    SLICE_X1Y129         FDRE                                         r  row[3].col[0].pe_inst/cout_reg[4]/R
  -------------------------------------------------------------------    -------------------

Slack:                    inf
  Source:                 rst
                            (input port)
  Destination:            row[3].col[0].pe_inst/cout_reg[5]/R
  Path Group:             (none)
  Path Type:              Max at Slow Process Corner
  Data Path Delay:        10.591ns  (logic 0.868ns (8.199%)  route 9.723ns (91.801%))
  Logic Levels:           1  (IBUF=1)

    Location             Delay type                Incr(ns)  Path(ns)    Netlist Resource(s)
  -------------------------------------------------------------------    -------------------
    L24                                               0.000     0.000 r  rst (IN)
                         net (fo=0)                   0.000     0.000    rst
    L24                  IBUF (Prop_ibuf_I_O)         0.868     0.868 r  rst_IBUF_inst/O
                         net (fo=416, routed)         9.723    10.591    row[3].col[0].pe_inst/SR[0]
    SLICE_X1Y129         FDRE                                         r  row[3].col[0].pe_inst/cout_reg[5]/R
  -------------------------------------------------------------------    -------------------

Slack:                    inf
  Source:                 rst
                            (input port)
  Destination:            row[3].col[0].pe_inst/cout_reg[6]/R
  Path Group:             (none)
  Path Type:              Max at Slow Process Corner
  Data Path Delay:        10.591ns  (logic 0.868ns (8.199%)  route 9.723ns (91.801%))
  Logic Levels:           1  (IBUF=1)

    Location             Delay type                Incr(ns)  Path(ns)    Netlist Resource(s)
  -------------------------------------------------------------------    -------------------
    L24                                               0.000     0.000 r  rst (IN)
                         net (fo=0)                   0.000     0.000    rst
    L24                  IBUF (Prop_ibuf_I_O)         0.868     0.868 r  rst_IBUF_inst/O
                         net (fo=416, routed)         9.723    10.591    row[3].col[0].pe_inst/SR[0]
    SLICE_X1Y129         FDRE                                         r  row[3].col[0].pe_inst/cout_reg[6]/R
  -------------------------------------------------------------------    -------------------

Slack:                    inf
  Source:                 rst
                            (input port)
  Destination:            row[3].col[0].pe_inst/cout_reg[7]/R
  Path Group:             (none)
  Path Type:              Max at Slow Process Corner
  Data Path Delay:        10.591ns  (logic 0.868ns (8.199%)  route 9.723ns (91.801%))
  Logic Levels:           1  (IBUF=1)

    Location             Delay type                Incr(ns)  Path(ns)    Netlist Resource(s)
  -------------------------------------------------------------------    -------------------
    L24                                               0.000     0.000 r  rst (IN)
                         net (fo=0)                   0.000     0.000    rst
    L24                  IBUF (Prop_ibuf_I_O)         0.868     0.868 r  rst_IBUF_inst/O
                         net (fo=416, routed)         9.723    10.591    row[3].col[0].pe_inst/SR[0]
    SLICE_X1Y129         FDRE                                         r  row[3].col[0].pe_inst/cout_reg[7]/R
  -------------------------------------------------------------------    -------------------

Slack:                    inf
  Source:                 rst
                            (input port)
  Destination:            row[3].col[2].pe_inst/aout_reg[5]/R
  Path Group:             (none)
  Path Type:              Max at Slow Process Corner
  Data Path Delay:        10.422ns  (logic 0.868ns (8.332%)  route 9.554ns (91.668%))
  Logic Levels:           1  (IBUF=1)

    Location             Delay type                Incr(ns)  Path(ns)    Netlist Resource(s)
  -------------------------------------------------------------------    -------------------
    L24                                               0.000     0.000 r  rst (IN)
                         net (fo=0)                   0.000     0.000    rst
    L24                  IBUF (Prop_ibuf_I_O)         0.868     0.868 r  rst_IBUF_inst/O
                         net (fo=416, routed)         9.554    10.422    row[3].col[2].pe_inst/SR[0]
    SLICE_X6Y129         FDRE                                         r  row[3].col[2].pe_inst/aout_reg[5]/R
  -------------------------------------------------------------------    -------------------

Slack:                    inf
  Source:                 rst
                            (input port)
  Destination:            row[3].col[2].pe_inst/aout_reg[0]/R
  Path Group:             (none)
  Path Type:              Max at Slow Process Corner
  Data Path Delay:        10.385ns  (logic 0.868ns (8.362%)  route 9.516ns (91.638%))
  Logic Levels:           1  (IBUF=1)

    Location             Delay type                Incr(ns)  Path(ns)    Netlist Resource(s)
  -------------------------------------------------------------------    -------------------
    L24                                               0.000     0.000 r  rst (IN)
                         net (fo=0)                   0.000     0.000    rst
    L24                  IBUF (Prop_ibuf_I_O)         0.868     0.868 r  rst_IBUF_inst/O
                         net (fo=416, routed)         9.516    10.385    row[3].col[2].pe_inst/SR[0]
    SLICE_X4Y129         FDRE                                         r  row[3].col[2].pe_inst/aout_reg[0]/R
  -------------------------------------------------------------------    -------------------





Min Delay Paths
--------------------------------------------------------------------------------------
Slack:                    inf
  Source:                 row[2].col[1].pe_inst/aout_reg[4]/C
                            (rising edge-triggered cell FDRE)
  Destination:            row[2].col[2].pe_inst/aout_reg[4]/D
  Path Group:             (none)
  Path Type:              Min at Fast Process Corner
  Data Path Delay:        0.264ns  (logic 0.100ns (37.883%)  route 0.164ns (62.117%))
  Logic Levels:           1  (FDRE=1)

    Location             Delay type                Incr(ns)  Path(ns)    Netlist Resource(s)
  -------------------------------------------------------------------    -------------------
    SLICE_X3Y122         FDRE                         0.000     0.000 r  row[2].col[1].pe_inst/aout_reg[4]/C
    SLICE_X3Y122         FDRE (Prop_fdre_C_Q)         0.100     0.100 r  row[2].col[1].pe_inst/aout_reg[4]/Q
                         net (fo=9, routed)           0.164     0.264    row[2].col[2].pe_inst/D[4]
    SLICE_X2Y124         FDRE                                         r  row[2].col[2].pe_inst/aout_reg[4]/D
  -------------------------------------------------------------------    -------------------

Slack:                    inf
  Source:                 row[1].col[0].pe_inst/cout_reg[4]/C
                            (rising edge-triggered cell FDRE)
  Destination:            row[1].col[0].pe_inst/cout_reg[5]/D
  Path Group:             (none)
  Path Type:              Min at Fast Process Corner
  Data Path Delay:        0.266ns  (logic 0.190ns (71.298%)  route 0.076ns (28.702%))
  Logic Levels:           2  (CARRY4=1 FDRE=1)

    Location             Delay type                Incr(ns)  Path(ns)    Netlist Resource(s)
  -------------------------------------------------------------------    -------------------
    SLICE_X1Y86          FDRE                         0.000     0.000 r  row[1].col[0].pe_inst/cout_reg[4]/C
    SLICE_X1Y86          FDRE (Prop_fdre_C_Q)         0.100     0.100 r  row[1].col[0].pe_inst/cout_reg[4]/Q
                         net (fo=3, routed)           0.076     0.176    row[1].col[0].pe_inst/Q[4]
    SLICE_X1Y86          CARRY4 (Prop_carry4_DI[0]_O[1])
                                                      0.090     0.266 r  row[1].col[0].pe_inst/cout0_carry__0/O[1]
                         net (fo=1, routed)           0.000     0.266    row[1].col[0].pe_inst/cout0__3[5]
    SLICE_X1Y86          FDRE                                         r  row[1].col[0].pe_inst/cout_reg[5]/D
  -------------------------------------------------------------------    -------------------

Slack:                    inf
  Source:                 row[1].col[2].pe_inst/cout_reg[4]/C
                            (rising edge-triggered cell FDRE)
  Destination:            row[1].col[2].pe_inst/cout_reg[5]/D
  Path Group:             (none)
  Path Type:              Min at Fast Process Corner
  Data Path Delay:        0.266ns  (logic 0.190ns (71.298%)  route 0.076ns (28.702%))
  Logic Levels:           2  (CARRY4=1 FDRE=1)

    Location             Delay type                Incr(ns)  Path(ns)    Netlist Resource(s)
  -------------------------------------------------------------------    -------------------
    SLICE_X1Y102         FDRE                         0.000     0.000 r  row[1].col[2].pe_inst/cout_reg[4]/C
    SLICE_X1Y102         FDRE (Prop_fdre_C_Q)         0.100     0.100 r  row[1].col[2].pe_inst/cout_reg[4]/Q
                         net (fo=3, routed)           0.076     0.176    row[1].col[2].pe_inst/Q[4]
    SLICE_X1Y102         CARRY4 (Prop_carry4_DI[0]_O[1])
                                                      0.090     0.266 r  row[1].col[2].pe_inst/cout0_carry__0/O[1]
                         net (fo=1, routed)           0.000     0.266    row[1].col[2].pe_inst/cout0__5[5]
    SLICE_X1Y102         FDRE                                         r  row[1].col[2].pe_inst/cout_reg[5]/D
  -------------------------------------------------------------------    -------------------

Slack:                    inf
  Source:                 row[1].col[3].pe_inst/cout_reg[0]/C
                            (rising edge-triggered cell FDRE)
  Destination:            row[1].col[3].pe_inst/cout_reg[1]/D
  Path Group:             (none)
  Path Type:              Min at Fast Process Corner
  Data Path Delay:        0.266ns  (logic 0.190ns (71.298%)  route 0.076ns (28.702%))
  Logic Levels:           2  (CARRY4=1 FDRE=1)

    Location             Delay type                Incr(ns)  Path(ns)    Netlist Resource(s)
  -------------------------------------------------------------------    -------------------
    SLICE_X3Y105         FDRE                         0.000     0.000 r  row[1].col[3].pe_inst/cout_reg[0]/C
    SLICE_X3Y105         FDRE (Prop_fdre_C_Q)         0.100     0.100 r  row[1].col[3].pe_inst/cout_reg[0]/Q
                         net (fo=3, routed)           0.076     0.176    row[1].col[3].pe_inst/Q[0]
    SLICE_X3Y105         CARRY4 (Prop_carry4_DI[0]_O[1])
                                                      0.090     0.266 r  row[1].col[3].pe_inst/cout0_carry/O[1]
                         net (fo=1, routed)           0.000     0.266    row[1].col[3].pe_inst/cout0__6[1]
    SLICE_X3Y105         FDRE                                         r  row[1].col[3].pe_inst/cout_reg[1]/D
  -------------------------------------------------------------------    -------------------

Slack:                    inf
  Source:                 row[2].col[0].pe_inst/cout_reg[0]/C
                            (rising edge-triggered cell FDRE)
  Destination:            row[2].col[0].pe_inst/cout_reg[1]/D
  Path Group:             (none)
  Path Type:              Min at Fast Process Corner
  Data Path Delay:        0.266ns  (logic 0.190ns (71.298%)  route 0.076ns (28.702%))
  Logic Levels:           2  (CARRY4=1 FDRE=1)

    Location             Delay type                Incr(ns)  Path(ns)    Netlist Resource(s)
  -------------------------------------------------------------------    -------------------
    SLICE_X1Y116         FDRE                         0.000     0.000 r  row[2].col[0].pe_inst/cout_reg[0]/C
    SLICE_X1Y116         FDRE (Prop_fdre_C_Q)         0.100     0.100 r  row[2].col[0].pe_inst/cout_reg[0]/Q
                         net (fo=3, routed)           0.076     0.176    row[2].col[0].pe_inst/Q[0]
    SLICE_X1Y116         CARRY4 (Prop_carry4_DI[0]_O[1])
                                                      0.090     0.266 r  row[2].col[0].pe_inst/cout0_carry/O[1]
                         net (fo=1, routed)           0.000     0.266    row[2].col[0].pe_inst/cout0__7[1]
    SLICE_X1Y116         FDRE                                         r  row[2].col[0].pe_inst/cout_reg[1]/D
  -------------------------------------------------------------------    -------------------

Slack:                    inf
  Source:                 row[2].col[2].pe_inst/cout_reg[4]/C
                            (rising edge-triggered cell FDRE)
  Destination:            row[2].col[2].pe_inst/cout_reg[5]/D
  Path Group:             (none)
  Path Type:              Min at Fast Process Corner
  Data Path Delay:        0.266ns  (logic 0.190ns (71.298%)  route 0.076ns (28.702%))
  Logic Levels:           2  (CARRY4=1 FDRE=1)

    Location             Delay type                Incr(ns)  Path(ns)    Netlist Resource(s)
  -------------------------------------------------------------------    -------------------
    SLICE_X3Y127         FDRE                         0.000     0.000 r  row[2].col[2].pe_inst/cout_reg[4]/C
    SLICE_X3Y127         FDRE (Prop_fdre_C_Q)         0.100     0.100 r  row[2].col[2].pe_inst/cout_reg[4]/Q
                         net (fo=3, routed)           0.076     0.176    row[2].col[2].pe_inst/Q[4]
    SLICE_X3Y127         CARRY4 (Prop_carry4_DI[0]_O[1])
                                                      0.090     0.266 r  row[2].col[2].pe_inst/cout0_carry__0/O[1]
                         net (fo=1, routed)           0.000     0.266    row[2].col[2].pe_inst/cout0__9[5]
    SLICE_X3Y127         FDRE                                         r  row[2].col[2].pe_inst/cout_reg[5]/D
  -------------------------------------------------------------------    -------------------

Slack:                    inf
  Source:                 row[0].col[3].pe_inst/cout_reg[0]/C
                            (rising edge-triggered cell FDRE)
  Destination:            row[0].col[3].pe_inst/cout_reg[1]/D
  Path Group:             (none)
  Path Type:              Min at Fast Process Corner
  Data Path Delay:        0.267ns  (logic 0.190ns (71.265%)  route 0.077ns (28.735%))
  Logic Levels:           2  (CARRY4=1 FDRE=1)

    Location             Delay type                Incr(ns)  Path(ns)    Netlist Resource(s)
  -------------------------------------------------------------------    -------------------
    SLICE_X1Y73          FDRE                         0.000     0.000 r  row[0].col[3].pe_inst/cout_reg[0]/C
    SLICE_X1Y73          FDRE (Prop_fdre_C_Q)         0.100     0.100 r  row[0].col[3].pe_inst/cout_reg[0]/Q
                         net (fo=3, routed)           0.077     0.177    row[0].col[3].pe_inst/Q[0]
    SLICE_X1Y73          CARRY4 (Prop_carry4_DI[0]_O[1])
                                                      0.090     0.267 r  row[0].col[3].pe_inst/cout0_carry/O[1]
                         net (fo=1, routed)           0.000     0.267    row[0].col[3].pe_inst/cout0__2[1]
    SLICE_X1Y73          FDRE                                         r  row[0].col[3].pe_inst/cout_reg[1]/D
  -------------------------------------------------------------------    -------------------

Slack:                    inf
  Source:                 row[2].col[0].pe_inst/cout_reg[4]/C
                            (rising edge-triggered cell FDRE)
  Destination:            row[2].col[0].pe_inst/cout_reg[5]/D
  Path Group:             (none)
  Path Type:              Min at Fast Process Corner
  Data Path Delay:        0.267ns  (logic 0.190ns (71.265%)  route 0.077ns (28.735%))
  Logic Levels:           2  (CARRY4=1 FDRE=1)

    Location             Delay type                Incr(ns)  Path(ns)    Netlist Resource(s)
  -------------------------------------------------------------------    -------------------
    SLICE_X1Y117         FDRE                         0.000     0.000 r  row[2].col[0].pe_inst/cout_reg[4]/C
    SLICE_X1Y117         FDRE (Prop_fdre_C_Q)         0.100     0.100 r  row[2].col[0].pe_inst/cout_reg[4]/Q
                         net (fo=3, routed)           0.077     0.177    row[2].col[0].pe_inst/Q[4]
    SLICE_X1Y117         CARRY4 (Prop_carry4_DI[0]_O[1])
                                                      0.090     0.267 r  row[2].col[0].pe_inst/cout0_carry__0/O[1]
                         net (fo=1, routed)           0.000     0.267    row[2].col[0].pe_inst/cout0__7[5]
    SLICE_X1Y117         FDRE                                         r  row[2].col[0].pe_inst/cout_reg[5]/D
  -------------------------------------------------------------------    -------------------

Slack:                    inf
  Source:                 row[2].col[1].pe_inst/cout_reg[0]/C
                            (rising edge-triggered cell FDRE)
  Destination:            row[2].col[1].pe_inst/cout_reg[1]/D
  Path Group:             (none)
  Path Type:              Min at Fast Process Corner
  Data Path Delay:        0.267ns  (logic 0.190ns (71.265%)  route 0.077ns (28.735%))
  Logic Levels:           2  (CARRY4=1 FDRE=1)

    Location             Delay type                Incr(ns)  Path(ns)    Netlist Resource(s)
  -------------------------------------------------------------------    -------------------
    SLICE_X1Y121         FDRE                         0.000     0.000 r  row[2].col[1].pe_inst/cout_reg[0]/C
    SLICE_X1Y121         FDRE (Prop_fdre_C_Q)         0.100     0.100 r  row[2].col[1].pe_inst/cout_reg[0]/Q
                         net (fo=3, routed)           0.077     0.177    row[2].col[1].pe_inst/Q[0]
    SLICE_X1Y121         CARRY4 (Prop_carry4_DI[0]_O[1])
                                                      0.090     0.267 r  row[2].col[1].pe_inst/cout0_carry/O[1]
                         net (fo=1, routed)           0.000     0.267    row[2].col[1].pe_inst/cout0__8[1]
    SLICE_X1Y121         FDRE                                         r  row[2].col[1].pe_inst/cout_reg[1]/D
  -------------------------------------------------------------------    -------------------

Slack:                    inf
  Source:                 row[0].col[2].pe_inst/cout_reg[4]/C
                            (rising edge-triggered cell FDRE)
  Destination:            row[0].col[2].pe_inst/cout_reg[5]/D
  Path Group:             (none)
  Path Type:              Min at Fast Process Corner
  Data Path Delay:        0.267ns  (logic 0.190ns (71.206%)  route 0.077ns (28.794%))
  Logic Levels:           2  (CARRY4=1 FDRE=1)

    Location             Delay type                Incr(ns)  Path(ns)    Netlist Resource(s)
  -------------------------------------------------------------------    -------------------
    SLICE_X3Y70          FDRE                         0.000     0.000 r  row[0].col[2].pe_inst/cout_reg[4]/C
    SLICE_X3Y70          FDRE (Prop_fdre_C_Q)         0.100     0.100 r  row[0].col[2].pe_inst/cout_reg[4]/Q
                         net (fo=3, routed)           0.077     0.177    row[0].col[2].pe_inst/Q[4]
    SLICE_X3Y70          CARRY4 (Prop_carry4_DI[0]_O[1])
                                                      0.090     0.267 r  row[0].col[2].pe_inst/cout0_carry__0/O[1]
                         net (fo=1, routed)           0.000     0.267    row[0].col[2].pe_inst/cout0__1[5]
    SLICE_X3Y70          FDRE                                         r  row[0].col[2].pe_inst/cout_reg[5]/D
  -------------------------------------------------------------------    -------------------





